$ python -m venv artifacts/audit/repair/.venv
[exit:0]
$ artifacts/audit/repair/.venv/bin/python -V
Python 3.12.12
[exit:0]
$ artifacts/audit/repair/.venv/bin/python -m pip --version
pip 25.0.1 from /workspace/bnsyn-phase-controlled-emergent-dynamics/artifacts/audit/repair/.venv/lib/python3.12/site-packages/pip (python 3.12)
[exit:0]
$ artifacts/audit/repair/.venv/bin/python -m pip install --upgrade pip
Requirement already satisfied: pip in ./artifacts/audit/repair/.venv/lib/python3.12/site-packages (25.0.1)
Collecting pip
  Using cached pip-26.0.1-py3-none-any.whl.metadata (4.7 kB)
Using cached pip-26.0.1-py3-none-any.whl (1.8 MB)
Installing collected packages: pip
  Attempting uninstall: pip
    Found existing installation: pip 25.0.1
    Uninstalling pip-25.0.1:
      Successfully uninstalled pip-25.0.1
Successfully installed pip-26.0.1
[exit:0]
$ artifacts/audit/repair/.venv/bin/python -m pip install -e .[test]
Obtaining file:///workspace/bnsyn-phase-controlled-emergent-dynamics
  Installing build dependencies: started
  Installing build dependencies: finished with status 'done'
  Checking if build backend supports build_editable: started
  Checking if build backend supports build_editable: finished with status 'done'
  Getting requirements to build editable: started
  Getting requirements to build editable: finished with status 'done'
  Preparing editable metadata (pyproject.toml): started
  Preparing editable metadata (pyproject.toml): finished with status 'done'
Collecting numpy==2.4.1 (from bnsyn==0.2.0)
  Using cached numpy-2.4.1-cp312-cp312-manylinux_2_27_x86_64.manylinux_2_28_x86_64.whl.metadata (6.6 kB)
Collecting pydantic==2.12.5 (from bnsyn==0.2.0)
  Using cached pydantic-2.12.5-py3-none-any.whl.metadata (90 kB)
Collecting scipy==1.17.0 (from bnsyn==0.2.0)
  Using cached scipy-1.17.0-cp312-cp312-manylinux_2_27_x86_64.manylinux_2_28_x86_64.whl.metadata (62 kB)
Collecting jsonschema==4.26.0 (from bnsyn==0.2.0)
  Using cached jsonschema-4.26.0-py3-none-any.whl.metadata (7.6 kB)
Collecting joblib==1.4.2 (from bnsyn==0.2.0)
  Using cached joblib-1.4.2-py3-none-any.whl.metadata (5.4 kB)
Collecting pyyaml==6.0.3 (from bnsyn==0.2.0)
  Using cached pyyaml-6.0.3-cp312-cp312-manylinux2014_x86_64.manylinux_2_17_x86_64.manylinux_2_28_x86_64.whl.metadata (2.4 kB)
Collecting hypothesis==6.151.5 (from bnsyn==0.2.0)
  Using cached hypothesis-6.151.5-py3-none-any.whl.metadata (5.6 kB)
Collecting pytest==9.0.2 (from bnsyn==0.2.0)
  Using cached pytest-9.0.2-py3-none-any.whl.metadata (7.6 kB)
Collecting pytest-cov==7.0.0 (from bnsyn==0.2.0)
  Using cached pytest_cov-7.0.0-py3-none-any.whl.metadata (31 kB)
Collecting psutil==7.2.2 (from bnsyn==0.2.0)
  Using cached psutil-7.2.2-cp36-abi3-manylinux2010_x86_64.manylinux_2_12_x86_64.manylinux_2_28_x86_64.whl.metadata (22 kB)
Collecting packaging==25.0 (from bnsyn==0.2.0)
  Using cached packaging-25.0-py3-none-any.whl.metadata (3.3 kB)
Collecting sortedcontainers<3.0.0,>=2.1.0 (from hypothesis==6.151.5->bnsyn==0.2.0)
  Using cached sortedcontainers-2.4.0-py2.py3-none-any.whl.metadata (10 kB)
Collecting attrs>=22.2.0 (from jsonschema==4.26.0->bnsyn==0.2.0)
  Using cached attrs-25.4.0-py3-none-any.whl.metadata (10 kB)
Collecting jsonschema-specifications>=2023.03.6 (from jsonschema==4.26.0->bnsyn==0.2.0)
  Using cached jsonschema_specifications-2025.9.1-py3-none-any.whl.metadata (2.9 kB)
Collecting referencing>=0.28.4 (from jsonschema==4.26.0->bnsyn==0.2.0)
  Using cached referencing-0.37.0-py3-none-any.whl.metadata (2.8 kB)
Collecting rpds-py>=0.25.0 (from jsonschema==4.26.0->bnsyn==0.2.0)
  Using cached rpds_py-0.30.0-cp312-cp312-manylinux_2_17_x86_64.manylinux2014_x86_64.whl.metadata (4.1 kB)
Collecting annotated-types>=0.6.0 (from pydantic==2.12.5->bnsyn==0.2.0)
  Using cached annotated_types-0.7.0-py3-none-any.whl.metadata (15 kB)
Collecting pydantic-core==2.41.5 (from pydantic==2.12.5->bnsyn==0.2.0)
  Using cached pydantic_core-2.41.5-cp312-cp312-manylinux_2_17_x86_64.manylinux2014_x86_64.whl.metadata (7.3 kB)
Collecting typing-extensions>=4.14.1 (from pydantic==2.12.5->bnsyn==0.2.0)
  Using cached typing_extensions-4.15.0-py3-none-any.whl.metadata (3.3 kB)
Collecting typing-inspection>=0.4.2 (from pydantic==2.12.5->bnsyn==0.2.0)
  Using cached typing_inspection-0.4.2-py3-none-any.whl.metadata (2.6 kB)
Collecting iniconfig>=1.0.1 (from pytest==9.0.2->bnsyn==0.2.0)
  Using cached iniconfig-2.3.0-py3-none-any.whl.metadata (2.5 kB)
Collecting pluggy<2,>=1.5 (from pytest==9.0.2->bnsyn==0.2.0)
  Using cached pluggy-1.6.0-py3-none-any.whl.metadata (4.8 kB)
Collecting pygments>=2.7.2 (from pytest==9.0.2->bnsyn==0.2.0)
  Using cached pygments-2.19.2-py3-none-any.whl.metadata (2.5 kB)
Collecting coverage>=7.10.6 (from coverage[toml]>=7.10.6->pytest-cov==7.0.0->bnsyn==0.2.0)
  Using cached coverage-7.13.4-cp312-cp312-manylinux1_x86_64.manylinux_2_28_x86_64.manylinux_2_5_x86_64.whl.metadata (8.5 kB)
Using cached hypothesis-6.151.5-py3-none-any.whl (543 kB)
Using cached joblib-1.4.2-py3-none-any.whl (301 kB)
Using cached jsonschema-4.26.0-py3-none-any.whl (90 kB)
Using cached numpy-2.4.1-cp312-cp312-manylinux_2_27_x86_64.manylinux_2_28_x86_64.whl (16.4 MB)
Using cached packaging-25.0-py3-none-any.whl (66 kB)
Using cached psutil-7.2.2-cp36-abi3-manylinux2010_x86_64.manylinux_2_12_x86_64.manylinux_2_28_x86_64.whl (155 kB)
Using cached pydantic-2.12.5-py3-none-any.whl (463 kB)
Using cached pydantic_core-2.41.5-cp312-cp312-manylinux_2_17_x86_64.manylinux2014_x86_64.whl (2.1 MB)
Using cached pytest-9.0.2-py3-none-any.whl (374 kB)
Using cached pytest_cov-7.0.0-py3-none-any.whl (22 kB)
Using cached pyyaml-6.0.3-cp312-cp312-manylinux2014_x86_64.manylinux_2_17_x86_64.manylinux_2_28_x86_64.whl (807 kB)
Using cached scipy-1.17.0-cp312-cp312-manylinux_2_27_x86_64.manylinux_2_28_x86_64.whl (35.0 MB)
Using cached pluggy-1.6.0-py3-none-any.whl (20 kB)
Using cached sortedcontainers-2.4.0-py2.py3-none-any.whl (29 kB)
Using cached annotated_types-0.7.0-py3-none-any.whl (13 kB)
Using cached attrs-25.4.0-py3-none-any.whl (67 kB)
Using cached coverage-7.13.4-cp312-cp312-manylinux1_x86_64.manylinux_2_28_x86_64.manylinux_2_5_x86_64.whl (254 kB)
Using cached iniconfig-2.3.0-py3-none-any.whl (7.5 kB)
Using cached jsonschema_specifications-2025.9.1-py3-none-any.whl (18 kB)
Using cached pygments-2.19.2-py3-none-any.whl (1.2 MB)
Using cached referencing-0.37.0-py3-none-any.whl (26 kB)
Using cached rpds_py-0.30.0-cp312-cp312-manylinux_2_17_x86_64.manylinux2014_x86_64.whl (394 kB)
Using cached typing_extensions-4.15.0-py3-none-any.whl (44 kB)
Using cached typing_inspection-0.4.2-py3-none-any.whl (14 kB)
Building wheels for collected packages: bnsyn
  Building editable for bnsyn (pyproject.toml): started
  Building editable for bnsyn (pyproject.toml): finished with status 'done'
  Created wheel for bnsyn: filename=bnsyn-0.2.0-0.editable-py3-none-any.whl size=4106 sha256=fe5df7582b97224791906267a2fca910cab1e7cbd2779fee10d1f63e51f07c52
  Stored in directory: /tmp/pip-ephem-wheel-cache-lu92hdcu/wheels/b6/1a/09/a1d36e07ea304f8c95ab88d866597d5b760d5b91c4e13d9643
Successfully built bnsyn
Installing collected packages: sortedcontainers, typing-extensions, rpds-py, pyyaml, pygments, psutil, pluggy, packaging, numpy, joblib, iniconfig, hypothesis, coverage, attrs, annotated-types, typing-inspection, scipy, referencing, pytest, pydantic-core, pytest-cov, pydantic, jsonschema-specifications, jsonschema, bnsyn

Successfully installed annotated-types-0.7.0 attrs-25.4.0 bnsyn-0.2.0 coverage-7.13.4 hypothesis-6.151.5 iniconfig-2.3.0 joblib-1.4.2 jsonschema-4.26.0 jsonschema-specifications-2025.9.1 numpy-2.4.1 packaging-25.0 pluggy-1.6.0 psutil-7.2.2 pydantic-2.12.5 pydantic-core-2.41.5 pygments-2.19.2 pytest-9.0.2 pytest-cov-7.0.0 pyyaml-6.0.3 referencing-0.37.0 rpds-py-0.30.0 scipy-1.17.0 sortedcontainers-2.4.0 typing-extensions-4.15.0 typing-inspection-0.4.2
[exit:0]
$ bash -lc "source artifacts/audit/repair/.venv/bin/activate && make test-gate"
python -m pytest -m "not (validation or property)" -q
........................................................................ [ 10%]
........................................................................ [ 20%]
........................................................................ [ 31%]
.....................................ss....ss........................... [ 41%]
........................................................................ [ 51%]
........................................................................ [ 62%]
........................................................................ [ 72%]
........................................................................ [ 82%]
........................................................................ [ 93%]
...............................................                          [100%]
=============================== warnings summary ===============================
tests/test_cli_interactive.py::test_cli_module_main_executes
  <frozen runpy>:128: RuntimeWarning: 'bnsyn.cli' found in sys.modules after import of package 'bnsyn', but prior to execution of 'bnsyn.cli'; this may result in unpredictable behaviour

tests/test_coverage_gap_extensions.py::test_viz_interactive_optional_dependency_errors
  <frozen runpy>:128: RuntimeWarning: 'bnsyn.viz.interactive' found in sys.modules after import of package 'bnsyn.viz', but prior to execution of 'bnsyn.viz.interactive'; this may result in unpredictable behaviour

tests/test_manifest_builder.py::test_build_experiment_manifest_filters_manifest_json
  /workspace/bnsyn-phase-controlled-emergent-dynamics/src/bnsyn/provenance/manifest_builder.py:145: UserWarning: Failed to capture git SHA: Command '['/usr/bin/git', 'rev-parse', 'HEAD']' returned non-zero exit status 128.
    "git_commit": _get_git_commit(resolved_root, resolved_version),

tests/test_manifest_builder.py::test_build_experiment_manifest_filters_manifest_json
  /workspace/bnsyn-phase-controlled-emergent-dynamics/src/bnsyn/provenance/manifest_builder.py:145: UserWarning: Using fallback git identifier: release-0.2.0
    "git_commit": _get_git_commit(resolved_root, resolved_version),

-- Docs: https://docs.pytest.org/en/stable/how-to/capture-warnings.html
[exit:0]
$ bash -lc "source artifacts/audit/repair/.venv/bin/activate && make docs"
python -m sphinx -b html docs docs/_build/html
/workspace/bnsyn-phase-controlled-emergent-dynamics/artifacts/audit/repair/.venv/bin/python: No module named sphinx
make: *** [Makefile:172: docs] Error 1
[exit:2]
$ bash -lc "source artifacts/audit/repair/.venv/bin/activate && make security"
gitleaks detect --redact --verbose --source=.
make: gitleaks: No such file or directory
make: *** [Makefile:164: security] Error 127
[exit:2]
